// Jest Snapshot v1, https://goo.gl/fbAQLP

exports[`Tests for <CourseDetails /> component Should match the snapshot 1`] = `
<div
  className="flex flex-col md:flex-row justify-between my-16 h-screen gap-12 px-10"
>
  <button
    className="burger-button"
    onClick={[Function]}
    type="button"
  >
    <span
      className="material-symbols-outlined hamburger green"
    >
      menu
    </span>
  </button>
  <div
    className="flex flex-col justify-start items-start w-full"
  >
    <div
      className="flex flex-col items-center justify-center md:flex-row flex-shrink gap-12 w-full md:items-start"
    >
      <div
        className="flex flex-col w-1/2 ml-8"
      >
        <img
          className="course-image"
          height="50%"
          src="http://localhost:3000/rails/active_storage/blobs/redirect/eyJfcmFpbHMiOnsibWVzc2FnZSI6IkJBaHBCZz09IiwiZXhwIjpudWxsLCJwdXIiOiJibG9iX2lkIn19--2e2c6f24621c425f569dcfdc5f64d41d7aa1f592/pexels-karolina-grabowska-4497759.jpg"
          width="100%"
        />
      </div>
      <div
        className="w-full px-5 flex flex-col md:w-1/2"
      >
        <h1
          className="text-4xl text-end"
        >
          Master Data Structures
        </h1>
        <p
          className="text-end"
        >
          Description related to the course
        </p>
        <ul
          className="mt-4"
        >
          <li
            className="flex justify-between border p-3  bg-slate-300 "
          >
            <p>
              Course type
            </p>
            <p
              className="font-bold"
            >
               
              Programming
            </p>
          </li>
          <li
            className="flex justify-between  p-3 "
          >
            <p>
              Course price
            </p>
            <p
              className="font-bold"
            >
               
              200.0
            </p>
          </li>
          <li
            className="flex justify-between border p-3  bg-slate-300"
          >
            <p>
              Start date
            </p>
            <p
              className="font-bold"
            >
              2023-06-21
            </p>
          </li>
          <li
            className="flex justify-between p-3 "
          >
            <p>
              End date
            </p>
            <p
              className="font-bold"
            >
               
              2023-07-21
            </p>
          </li>
        </ul>
        <a
          className="enroll-btn"
          href="/add-reservation"
          onClick={[Function]}
        >
          Enroll Course
          <span
            className="material-symbols-outlined"
          >
            arrow_circle_right
          </span>
        </a>
      </div>
    </div>
  </div>
</div>
`;
